INFO:     Will watch for changes in these directories: ['C:\\Users\\johns\\OneDrive - Atlantic TU\\CICD3\\DPDProject\\LogisticsCICD']
INFO:     Uvicorn running on http://0.0.0.0:8001 (Press CTRL+C to quit)
INFO:     Started reloader process [30672] using StatReload
INFO:     Started server process [29988]
INFO:     Waiting for application startup.
2026-01-09 20:59:16,626 INFO sqlalchemy.engine.Engine BEGIN (implicit)
2026-01-09 20:59:16,626 INFO sqlalchemy.engine.Engine PRAGMA main.table_info("accounts")
2026-01-09 20:59:16,626 INFO sqlalchemy.engine.Engine [raw sql] ()
2026-01-09 20:59:16,627 INFO sqlalchemy.engine.Engine COMMIT
INFO:     Application startup complete.
2026-01-09 21:04:14,870 INFO sqlalchemy.engine.Engine BEGIN (implicit)
2026-01-09 21:04:14,877 INFO sqlalchemy.engine.Engine SELECT accounts.id AS accounts_id, accounts.account_no AS accounts_account_no, accounts.name AS accounts_name, accounts.email AS accounts_email, accounts.password_hash AS accounts_password_hash, accounts.range_start AS accounts_range_start, accounts.range_end AS accounts_range_end, accounts.current_con_num AS accounts_current_con_num 
FROM accounts ORDER BY accounts.range_end DESC
 LIMIT ? OFFSET ?
2026-01-09 21:04:14,877 INFO sqlalchemy.engine.Engine [generated in 0.00044s] (1, 0)
2026-01-09 21:04:14,981 INFO sqlalchemy.engine.Engine INSERT INTO accounts (account_no, name, email, password_hash, range_start, range_end, current_con_num) VALUES (?, ?, ?, ?, ?, ?, ?)
2026-01-09 21:04:14,981 INFO sqlalchemy.engine.Engine [generated in 0.00028s] ('A00001', 'Anthony', 'test1@test.com', '$argon2id$v=19$m=65536,t=3,p=4$C/86j1AFTfIklsX+OPW3tA$3rmQdzLVDSxbM19FVpdTR6+fxTNi8zU8kaXPDYumsXU', 1, 500, 1)
2026-01-09 21:04:14,984 INFO sqlalchemy.engine.Engine COMMIT
2026-01-09 21:04:14,989 INFO sqlalchemy.engine.Engine BEGIN (implicit)
2026-01-09 21:04:14,990 INFO sqlalchemy.engine.Engine SELECT accounts.id, accounts.account_no, accounts.name, accounts.email, accounts.password_hash, accounts.range_start, accounts.range_end, accounts.current_con_num 
FROM accounts 
WHERE accounts.id = ?
2026-01-09 21:04:14,990 INFO sqlalchemy.engine.Engine [generated in 0.00027s] (1,)
2026-01-09 21:04:15,330 INFO sqlalchemy.engine.Engine ROLLBACK
INFO:     127.0.0.1:52867 - "POST /api/accounts HTTP/1.1" 201 Created
2026-01-09 21:04:37,877 INFO sqlalchemy.engine.Engine BEGIN (implicit)
2026-01-09 21:04:37,877 INFO sqlalchemy.engine.Engine SELECT accounts.id AS accounts_id, accounts.account_no AS accounts_account_no, accounts.name AS accounts_name, accounts.email AS accounts_email, accounts.password_hash AS accounts_password_hash, accounts.range_start AS accounts_range_start, accounts.range_end AS accounts_range_end, accounts.current_con_num AS accounts_current_con_num 
FROM accounts ORDER BY accounts.range_end DESC
 LIMIT ? OFFSET ?
2026-01-09 21:04:37,877 INFO sqlalchemy.engine.Engine [cached since 23s ago] (1, 0)
2026-01-09 21:04:37,966 INFO sqlalchemy.engine.Engine INSERT INTO accounts (account_no, name, email, password_hash, range_start, range_end, current_con_num) VALUES (?, ?, ?, ?, ?, ?, ?)
2026-01-09 21:04:37,966 INFO sqlalchemy.engine.Engine [cached since 22.99s ago] ('A00002', 'Conor', 'test2@test.com', '$argon2id$v=19$m=65536,t=3,p=4$gZZfaCWmVmxut3sJ0c3/fA$MUj82dB+dQNq3H1faeyl8t8YUft45eR6bH7JeWfpMq4', 501, 1000, 501)
2026-01-09 21:04:37,970 INFO sqlalchemy.engine.Engine COMMIT
2026-01-09 21:04:37,972 INFO sqlalchemy.engine.Engine BEGIN (implicit)
2026-01-09 21:04:37,973 INFO sqlalchemy.engine.Engine SELECT accounts.id, accounts.account_no, accounts.name, accounts.email, accounts.password_hash, accounts.range_start, accounts.range_end, accounts.current_con_num 
FROM accounts 
WHERE accounts.id = ?
2026-01-09 21:04:37,973 INFO sqlalchemy.engine.Engine [cached since 22.98s ago] (2,)
2026-01-09 21:04:38,735 INFO sqlalchemy.engine.Engine ROLLBACK
INFO:     127.0.0.1:62419 - "POST /api/accounts HTTP/1.1" 201 Created
2026-01-09 21:05:20,471 INFO sqlalchemy.engine.Engine BEGIN (implicit)
2026-01-09 21:05:20,472 INFO sqlalchemy.engine.Engine SELECT accounts.id, accounts.account_no, accounts.name, accounts.email, accounts.password_hash, accounts.range_start, accounts.range_end, accounts.current_con_num 
FROM accounts 
WHERE accounts.account_no = ?
2026-01-09 21:05:20,472 INFO sqlalchemy.engine.Engine [generated in 0.00019s] ('A00002',)
2026-01-09 21:05:20,475 INFO sqlalchemy.engine.Engine DELETE FROM accounts WHERE accounts.id = ?
2026-01-09 21:05:20,475 INFO sqlalchemy.engine.Engine [generated in 0.00021s] (2,)
2026-01-09 21:05:20,476 INFO sqlalchemy.engine.Engine COMMIT
INFO:     127.0.0.1:54213 - "DELETE /api/accounts/delete/A00002 HTTP/1.1" 204 No Content
